➜  -04---Github-et-Git- git:(master) git pull
remote: Enumerating objects: 5, done.
remote: Counting objects: 100% (5/5), done.
remote: Total 3 (delta 0), reused 0 (delta 0), pack-reused 0
Unpacking objects: 100% (3/3), done.
From https://github.com/helder-hanka/-04---Github-et-Git-
   0cef3ec..e345fca  master     -> origin/master
Auto-merging README.md
CONFLICT (content): Merge conflict in README.md
Automatic merge failed; fix conflicts and then commit the result.
➜  -04---Github-et-Git- git:(master) ✗ git status
On branch master
Your branch and 'origin/master' have diverged,
and have 1 and 1 different commits each, respectively.
  (use "git pull" to merge the remote branch into yours)

You have unmerged paths.
  (fix conflicts and run "git commit")
  (use "git merge --abort" to abort the merge)

Unmerged paths:
  (use "git add <file>..." to mark resolution)

	both modified:   README.md

no changes added to commit (use "git add" and/or "git commit -a")
➜  -04---Github-et-Git- git:(master) ✗ git add README.md
➜  -04---Github-et-Git- git:(master) git status
On branch master
Your branch and 'origin/master' have diverged,
and have 1 and 1 different commits each, respectively.
  (use "git pull" to merge the remote branch into yours)

All conflicts fixed but you are still merging.
  (use "git commit" to conclude merge)

➜  -04---Github-et-Git- git:(master) git commit -m "Accept current change"
[master 28120a9] Accept current change
➜  -04---Github-et-Git- git:(master) git pull
Already up to date.
➜  -04---Github-et-Git- git:(master) git push
Enumerating objects: 8, done.
Counting objects: 100% (8/8), done.
Delta compression using up to 12 threads
Compressing objects: 100% (2/2), done.
Writing objects: 100% (4/4), 376 bytes | 376.00 KiB/s, done.
Total 4 (delta 1), reused 0 (delta 0)
remote: Resolving deltas: 100% (1/1), done.
To https://github.com/helder-hanka/-04---Github-et-Git-.git
   e345fca..28120a9  master -> master
➜  -04---Github-et-Git- git:(master)
